// Jest Snapshot v1, https://goo.gl/fbAQLP

exports[`CategoryItem component should match snapshot 1`] = `
<div
  className="vtex-category-menu__item flex justify-center items-center"
  onMouseEnter={[Function]}
  onMouseLeave={[Function]}
>
  <Link
    className="w-100 pv5 mh6 no-underline t-action--small outline-0 db tc truncate bb bw1 c-muted-1 b--transparent"
    onClick={[Function]}
    page="store/department"
    params={
      Object {
        "department": "category",
      }
    }
  >
    CATEGORY
  </Link>
</div>
`;
